// Jest Snapshot v1, https://goo.gl/fbAQLP

exports[`TextInput component should match snapshot 1`] = `
<TextInput
  label="labelMock"
  name="nameMock"
  onChange={[MockFunction]}
>
  <styled.div>
    <div
      className="sc-bdVaJa jLcNEp"
    >
      <styled.div>
        <div
          className="sc-bwzfXH bfvaYz"
        >
          <styled.input
            name="nameMock"
            onChange={[MockFunction]}
            required={true}
          >
            <input
              className="sc-bxivhb fEwapX"
              name="nameMock"
              onChange={[MockFunction]}
              required={true}
            />
          </styled.input>
          <styled.label
            htmlFor="nameMock"
          >
            <label
              className="sc-htpNat hoROhz"
              htmlFor="nameMock"
            >
              labelMock
            </label>
          </styled.label>
        </div>
      </styled.div>
    </div>
  </styled.div>
</TextInput>
`;
